{
  "version": "1.5.0",
  "plugins_used": [
    {
      "name": "ArtifactoryDetector"
    },
    {
      "name": "AWSKeyDetector"
    },
    {
      "name": "AzureStorageKeyDetector"
    },
    {
      "name": "Base64HighEntropyString",
      "limit": 4.5
    },
    {
      "name": "BasicAuthDetector"
    },
    {
      "name": "CloudantDetector"
    },
    {
      "name": "DiscordBotTokenDetector"
    },
    {
      "name": "GitHubTokenDetector"
    },
    {
      "name": "GitLabTokenDetector"
    },
    {
      "name": "HexHighEntropyString",
      "limit": 3.0
    },
    {
      "name": "IbmCloudIamDetector"
    },
    {
      "name": "IbmCosHmacDetector"
    },
    {
      "name": "IPPublicDetector"
    },
    {
      "name": "JwtTokenDetector"
    },
    {
      "name": "KeywordDetector",
      "keyword_exclude": ""
    },
    {
      "name": "MailchimpDetector"
    },
    {
      "name": "NpmDetector"
    },
    {
      "name": "OpenAIDetector"
    },
    {
      "name": "PrivateKeyDetector"
    },
    {
      "name": "PypiTokenDetector"
    },
    {
      "name": "SendGridDetector"
    },
    {
      "name": "SlackDetector"
    },
    {
      "name": "SoftlayerDetector"
    },
    {
      "name": "SquareOAuthDetector"
    },
    {
      "name": "StripeDetector"
    },
    {
      "name": "TelegramBotTokenDetector"
    },
    {
      "name": "TwilioKeyDetector"
    }
  ],
  "filters_used": [
    {
      "path": "detect_secrets.filters.allowlist.is_line_allowlisted"
    },
    {
      "path": "detect_secrets.filters.common.is_baseline_file",
      "filename": ".secrets.baseline"
    },
    {
      "path": "detect_secrets.filters.common.is_ignored_due_to_verification_policies",
      "min_level": 2
    },
    {
      "path": "detect_secrets.filters.heuristic.is_indirect_reference"
    },
    {
      "path": "detect_secrets.filters.heuristic.is_likely_id_string"
    },
    {
      "path": "detect_secrets.filters.heuristic.is_lock_file"
    },
    {
      "path": "detect_secrets.filters.heuristic.is_not_alphanumeric_string"
    },
    {
      "path": "detect_secrets.filters.heuristic.is_potential_uuid"
    },
    {
      "path": "detect_secrets.filters.heuristic.is_prefixed_with_dollar_sign"
    },
    {
      "path": "detect_secrets.filters.heuristic.is_sequential_string"
    },
    {
      "path": "detect_secrets.filters.heuristic.is_swagger_file"
    },
    {
      "path": "detect_secrets.filters.heuristic.is_templated_secret"
    },
    {
      "path": "detect_secrets.filters.regex.should_exclude_file",
      "pattern": [
        ".*\\.lock"
      ]
    }
  ],
  "results": {
    ".agents/skills/python/references/duckdb-minio-s3-catalog.md": [
      {
        "type": "Secret Keyword",
        "filename": ".agents/skills/python/references/duckdb-minio-s3-catalog.md",
        "hashed_secret": "400364be7d513faf0e5a25355f2c85b0359d8c42",
        "is_verified": false,
        "line_number": 85
      }
    ],
    ".claude/skills/python/references/duckdb-minio-s3-catalog.md": [
      {
        "type": "Secret Keyword",
        "filename": ".claude/skills/python/references/duckdb-minio-s3-catalog.md",
        "hashed_secret": "400364be7d513faf0e5a25355f2c85b0359d8c42",
        "is_verified": false,
        "line_number": 85
      }
    ],
    ".mcp.json": [
      {
        "type": "Basic Auth Credentials",
        "filename": ".mcp.json",
        "hashed_secret": "1a8147ab00416af3291e8111599a4de1ede9a841",
        "is_verified": false,
        "line_number": 5
      }
    ],
    ".opencode/skills/python/references/duckdb-minio-s3-catalog.md": [
      {
        "type": "Secret Keyword",
        "filename": ".opencode/skills/python/references/duckdb-minio-s3-catalog.md",
        "hashed_secret": "400364be7d513faf0e5a25355f2c85b0359d8c42",
        "is_verified": false,
        "line_number": 85
      }
    ],
    "CLAUDE.md": [
      {
        "type": "Basic Auth Credentials",
        "filename": "CLAUDE.md",
        "hashed_secret": "9d4e1e23bd5b727046a9e3b4b7db57bd8d6ee684",
        "is_verified": false,
        "line_number": 33
      },
      {
        "type": "Basic Auth Credentials",
        "filename": "CLAUDE.md",
        "hashed_secret": "1a8147ab00416af3291e8111599a4de1ede9a841",
        "is_verified": false,
        "line_number": 72
      }
    ],
    "README.md": [
      {
        "type": "Basic Auth Credentials",
        "filename": "README.md",
        "hashed_secret": "9d4e1e23bd5b727046a9e3b4b7db57bd8d6ee684",
        "is_verified": false,
        "line_number": 33
      },
      {
        "type": "Basic Auth Credentials",
        "filename": "README.md",
        "hashed_secret": "1a8147ab00416af3291e8111599a4de1ede9a841",
        "is_verified": false,
        "line_number": 77
      }
    ],
    "hooks/install-agent-hooks.py": [
      {
        "type": "Secret Keyword",
        "filename": "hooks/install-agent-hooks.py",
        "hashed_secret": "1a8147ab00416af3291e8111599a4de1ede9a841",
        "is_verified": false,
        "line_number": 186
      }
    ],
    "plugin/README.md": [
      {
        "type": "Basic Auth Credentials",
        "filename": "plugin/README.md",
        "hashed_secret": "1a8147ab00416af3291e8111599a4de1ede9a841",
        "is_verified": false,
        "line_number": 43
      }
    ],
    "plugin/__init__.py": [
      {
        "type": "Basic Auth Credentials",
        "filename": "plugin/__init__.py",
        "hashed_secret": "1a8147ab00416af3291e8111599a4de1ede9a841",
        "is_verified": false,
        "line_number": 8
      },
      {
        "type": "Basic Auth Credentials",
        "filename": "plugin/__init__.py",
        "hashed_secret": "9d4e1e23bd5b727046a9e3b4b7db57bd8d6ee684",
        "is_verified": false,
        "line_number": 56
      }
    ],
    "setup.sh": [
      {
        "type": "Basic Auth Credentials",
        "filename": "setup.sh",
        "hashed_secret": "9d4e1e23bd5b727046a9e3b4b7db57bd8d6ee684",
        "is_verified": false,
        "line_number": 11
      },
      {
        "type": "Basic Auth Credentials",
        "filename": "setup.sh",
        "hashed_secret": "1a8147ab00416af3291e8111599a4de1ede9a841",
        "is_verified": false,
        "line_number": 17
      }
    ]
  },
  "generated_at": "2026-06-29T15:10:24Z"
}
